abcdefg
hello reboot
i'm reboot
123546789
